// Jest Snapshot v1, https://goo.gl/fbAQLP

exports[`Heading tests should match snapshot 1`] = `
<div
  className="heading"
>
  <h1
    className="title"
  >
    <i>
      Marvelous!
    </i>
  </h1>
  <div
    className="text"
  >
    Lorem ipsum Lorem ipsum Lorem ipsum Lorem ipsum Lorem ipsum Lorem ipsum Lorem ipsum Lorem ipsum Lorem ipsum Lorem ipsum Lorem ipsum Lorem ipsum Lorem ipsum Lorem ipsum Lorem ipsum
  </div>
</div>
`;
